// Jest Snapshot v1, https://goo.gl/fbAQLP

exports[`type 1`] = `
<div>
  test component
  
  <div
    class="seu-radio-group"
  >
    <label
      class="seu-radio-button"
      role="radio"
      tabindex="-1"
    >
      <input
        aria-hidden="true"
        class="seu-radio-button__orig-radio"
        tabindex="-1"
        type="radio"
        value="1"
      />
       
      <span
        class="seu-radio-button__inner"
      >
        a
         
      </span>
    </label>
    
    <label
      class="seu-radio-button"
      role="radio"
      tabindex="-1"
    >
      <input
        aria-hidden="true"
        class="seu-radio-button__orig-radio"
        tabindex="-1"
        type="radio"
        value="2"
      />
       
      <span
        class="seu-radio-button__inner"
      >
        b
         
      </span>
    </label>
    
    <label
      class="seu-radio-button"
      role="radio"
      tabindex="-1"
    >
      <input
        aria-hidden="true"
        class="seu-radio-button__orig-radio"
        tabindex="-1"
        type="radio"
        value="3"
      />
       
      <span
        class="seu-radio-button__inner"
      >
        c
         
      </span>
    </label>
    
     
  </div>
</div>
`;
