// Jest Snapshot v1, https://goo.gl/fbAQLP

exports[`size 1`] = `
<div>
  test component
  
  <div
    class="seu-checkbox-group"
  >
    <label
      class="seu-checkbox"
      role="checkbox"
    >
      <span
        class="seu-checkbox__input"
      >
        <span
          class="seu-checkbox__inner"
        />
      </span>
       
      <input
        aria-hidden="false"
        class="seu-checkbox__original"
        type="checkbox"
      />
       
      <span
        class="seu-checkbox__label"
      >
        Shanghai
      </span>
    </label>
    
    <label
      class="seu-checkbox"
      role="checkbox"
    >
      <span
        class="seu-checkbox__input"
      >
        <span
          class="seu-checkbox__inner"
        />
      </span>
       
      <input
        aria-hidden="false"
        class="seu-checkbox__original"
        type="checkbox"
      />
       
      <span
        class="seu-checkbox__label"
      >
        Beijing
      </span>
    </label>
    
    <label
      class="seu-checkbox"
      role="checkbox"
    >
      <span
        class="seu-checkbox__input"
      >
        <span
          class="seu-checkbox__inner"
        />
      </span>
       
      <input
        aria-hidden="false"
        class="seu-checkbox__original"
        type="checkbox"
      />
       
      <span
        class="seu-checkbox__label"
      >
        Guangzhou
      </span>
    </label>
    
     
  </div>
   
  <div
    class="seu-checkbox-group"
  >
    <label
      class="seu-checkbox seu-checkbox--medium is-bordered"
      role="checkbox"
    >
      <span
        class="seu-checkbox__input"
      >
        <span
          class="seu-checkbox__inner"
        />
      </span>
       
      <input
        aria-hidden="false"
        class="seu-checkbox__original"
        type="checkbox"
      />
       
      <span
        class="seu-checkbox__label"
      >
        Shanghai
      </span>
    </label>
    
    <label
      class="seu-checkbox seu-checkbox--medium is-bordered"
      role="checkbox"
    >
      <span
        class="seu-checkbox__input"
      >
        <span
          class="seu-checkbox__inner"
        />
      </span>
       
      <input
        aria-hidden="false"
        class="seu-checkbox__original"
        type="checkbox"
      />
       
      <span
        class="seu-checkbox__label"
      >
        Beijing
      </span>
    </label>
    
    <label
      class="seu-checkbox seu-checkbox--medium is-bordered"
      role="checkbox"
    >
      <span
        class="seu-checkbox__input"
      >
        <span
          class="seu-checkbox__inner"
        />
      </span>
       
      <input
        aria-hidden="false"
        class="seu-checkbox__original"
        type="checkbox"
      />
       
      <span
        class="seu-checkbox__label"
      >
        Guangzhou
      </span>
    </label>
    
     
  </div>
   
  <div
    class="seu-checkbox-group"
  >
    <label
      class="seu-checkbox seu-checkbox--small is-bordered"
      role="checkbox"
    >
      <span
        class="seu-checkbox__input"
      >
        <span
          class="seu-checkbox__inner"
        />
      </span>
       
      <input
        aria-hidden="false"
        class="seu-checkbox__original"
        type="checkbox"
      />
       
      <span
        class="seu-checkbox__label"
      >
        Shanghai
      </span>
    </label>
    
    <label
      class="seu-checkbox seu-checkbox--small is-bordered"
      role="checkbox"
    >
      <span
        class="seu-checkbox__input"
      >
        <span
          class="seu-checkbox__inner"
        />
      </span>
       
      <input
        aria-hidden="false"
        class="seu-checkbox__original"
        type="checkbox"
      />
       
      <span
        class="seu-checkbox__label"
      >
        Beijing
      </span>
    </label>
    
    <label
      class="seu-checkbox seu-checkbox--small is-bordered"
      role="checkbox"
    >
      <span
        class="seu-checkbox__input"
      >
        <span
          class="seu-checkbox__inner"
        />
      </span>
       
      <input
        aria-hidden="false"
        class="seu-checkbox__original"
        type="checkbox"
      />
       
      <span
        class="seu-checkbox__label"
      >
        Guangzhou
      </span>
    </label>
    
     
  </div>
   
  <div
    class="seu-checkbox-group"
  >
    <label
      class="seu-checkbox seu-checkbox--mini is-bordered"
      role="checkbox"
    >
      <span
        class="seu-checkbox__input"
      >
        <span
          class="seu-checkbox__inner"
        />
      </span>
       
      <input
        aria-hidden="false"
        class="seu-checkbox__original"
        type="checkbox"
      />
       
      <span
        class="seu-checkbox__label"
      >
        Shanghai
      </span>
    </label>
    
    <label
      class="seu-checkbox seu-checkbox--mini is-bordered"
      role="checkbox"
    >
      <span
        class="seu-checkbox__input"
      >
        <span
          class="seu-checkbox__inner"
        />
      </span>
       
      <input
        aria-hidden="false"
        class="seu-checkbox__original"
        type="checkbox"
      />
       
      <span
        class="seu-checkbox__label"
      >
        Beijing
      </span>
    </label>
    
    <label
      class="seu-checkbox seu-checkbox--mini is-bordered"
      role="checkbox"
    >
      <span
        class="seu-checkbox__input"
      >
        <span
          class="seu-checkbox__inner"
        />
      </span>
       
      <input
        aria-hidden="false"
        class="seu-checkbox__original"
        type="checkbox"
      />
       
      <span
        class="seu-checkbox__label"
      >
        Guangzhou
      </span>
    </label>
    
     
  </div>
</div>
`;
