// Jest Snapshot v1, https://goo.gl/fbAQLP

exports[`label 1`] = `
<div>
  test component
  
  <label
    class="seu-radio-button"
    role="radio"
    tabindex="0"
  >
    <input
      aria-hidden="true"
      class="seu-radio-button__orig-radio"
      tabindex="-1"
      type="radio"
      value="1"
    />
     
    <span
      class="seu-radio-button__inner"
    >
      label1
       
    </span>
  </label>
   
  <label
    class="seu-radio-button"
    role="radio"
    tabindex="0"
  >
    <input
      aria-hidden="true"
      class="seu-radio-button__orig-radio"
      tabindex="-1"
      type="radio"
      value="2"
    />
     
    <span
      class="seu-radio-button__inner"
    >
      label1
       
    </span>
  </label>
</div>
`;
